// Jest Snapshot v1, https://goo.gl/fbAQLP

exports[`Email template rendered without the tokens 1`] = `
"
    <!doctype html>
    <html xmlns=\\"http://www.w3.org/1999/xhtml\\" xmlns:v=\\"urn:schemas-microsoft-com:vml\\" xmlns:o=\\"urn:schemas-microsoft-com:office:office\\">
      <head>
        <title>
          
        </title>
        <!--[if !mso]><!-- -->
        <meta http-equiv=\\"X-UA-Compatible\\" content=\\"IE=edge\\">
        <!--<![endif]-->
        <meta http-equiv=\\"Content-Type\\" content=\\"text/html; charset=UTF-8\\">
        <meta name=\\"viewport\\" content=\\"width=device-width, initial-scale=1\\">
        <style type=\\"text/css\\">
          #outlook a { padding:0; }
          .ReadMsgBody { width:100%; }
          .ExternalClass { width:100%; }
          .ExternalClass * { line-height:100%; }
          body { margin:0;padding:0;-webkit-text-size-adjust:100%;-ms-text-size-adjust:100%; }
          table, td { border-collapse:collapse;mso-table-lspace:0pt;mso-table-rspace:0pt; }
          img { border:0;height:auto;line-height:100%; outline:none;text-decoration:none;-ms-interpolation-mode:bicubic; }
          p { display:block;margin:13px 0; }
        </style>
        <!--[if !mso]><!-->
        <style type=\\"text/css\\">
          @media only screen and (max-width:480px) {
            @-ms-viewport { width:320px; }
            @viewport { width:320px; }
          }
        </style>
        <!--<![endif]-->
        <!--[if mso]>
        <xml>
        <o:OfficeDocumentSettings>
          <o:AllowPNG/>
          <o:PixelsPerInch>96</o:PixelsPerInch>
        </o:OfficeDocumentSettings>
        </xml>
        <![endif]-->
        <!--[if lte mso 11]>
        <style type=\\"text/css\\">
          .outlook-group-fix { width:100% !important; }
        </style>
        <![endif]-->
        
      <!--[if !mso]><!-->
        <link href=\\"https://fonts.googleapis.com/css?family=Roboto:300,400,500,700\\" rel=\\"stylesheet\\" type=\\"text/css\\">
        <style type=\\"text/css\\">
          @import url(https://fonts.googleapis.com/css?family=Roboto:300,400,500,700);
        </style>
      <!--<![endif]-->

    
        
    <style type=\\"text/css\\">
      @media only screen and (min-width:480px) {
        .mj-column-per-50 { width:50% !important; max-width: 50%; }
.mj-column-per-30 { width:30% !important; max-width: 30%; }
.mj-column-per-70 { width:70% !important; max-width: 70%; }
.mj-column-per-100 { width:100% !important; max-width: 100%; }
      }
    </style>
    
  
        <style type=\\"text/css\\">
        
        

    @media only screen and (max-width:480px) {
      table.full-width-mobile { width: 100% !important; }
      td.full-width-mobile { width: auto !important; }
    }
  
        </style>
        
      </head>
      <body>
        
        
      <div
         style=\\"\\"
      >
        
      
      <!--[if mso | IE]>
      <table
         align=\\"center\\" border=\\"0\\" cellpadding=\\"0\\" cellspacing=\\"0\\" class=\\"\\" style=\\"width:600px;\\" width=\\"600\\"
      >
        <tr>
          <td style=\\"line-height:0px;font-size:0px;mso-line-height-rule:exactly;\\">
      <![endif]-->
    
      
      <div  style=\\"Margin:0px auto;max-width:600px;\\">
        
        <table
           align=\\"center\\" border=\\"0\\" cellpadding=\\"0\\" cellspacing=\\"0\\" role=\\"presentation\\" style=\\"width:100%;\\"
        >
          <tbody>
            <tr>
              <td
                 style=\\"border:1px solid #ddd;direction:ltr;font-size:0px;padding:0px;text-align:center;vertical-align:top;\\"
              >
                <!--[if mso | IE]>
                  <table role=\\"presentation\\" border=\\"0\\" cellpadding=\\"0\\" cellspacing=\\"0\\">
                
            <tr>
              <td
                 class=\\"\\" width=\\"600px\\"
              >
          
      <table
         align=\\"center\\" border=\\"0\\" cellpadding=\\"0\\" cellspacing=\\"0\\" class=\\"\\" style=\\"width:600px;\\" width=\\"600\\"
      >
        <tr>
          <td style=\\"line-height:0px;font-size:0px;mso-line-height-rule:exactly;\\">
      <![endif]-->
    
      
      <div  style=\\"background:#0098EF;background-color:#0098EF;Margin:0px auto;max-width:600px;\\">
        
        <table
           align=\\"center\\" border=\\"0\\" cellpadding=\\"0\\" cellspacing=\\"0\\" role=\\"presentation\\" style=\\"background:#0098EF;background-color:#0098EF;width:100%;\\"
        >
          <tbody>
            <tr>
              <td
                 style=\\"direction:ltr;font-size:0px;padding:20px 0;text-align:center;vertical-align:top;\\"
              >
                <!--[if mso | IE]>
                  <table role=\\"presentation\\" border=\\"0\\" cellpadding=\\"0\\" cellspacing=\\"0\\">
                
        <tr>
      
            <td
               class=\\"\\" style=\\"vertical-align:top;width:300px;\\"
            >
          <![endif]-->
            
      <div
         class=\\"mj-column-per-50 outlook-group-fix\\" style=\\"font-size:13px;text-align:left;direction:ltr;display:inline-block;vertical-align:top;width:100%;\\"
      >
        
      <table
         border=\\"0\\" cellpadding=\\"0\\" cellspacing=\\"0\\" role=\\"presentation\\" style=\\"vertical-align:top;\\" width=\\"100%\\"
      >
        
            <tr>
              <td
                 align=\\"left\\" style=\\"font-size:0px;padding:10px 25px;word-break:break-word;\\"
              >
                
      <div
         style=\\"font-family:Roboto;font-size:20px;line-height:28px;text-align:left;color:#ffffff;\\"
      >
        {{property.displayName}}
      </div>
    
              </td>
            </tr>
          
      </table>
    
      </div>
    
          <!--[if mso | IE]>
            </td>
          
            <td
               class=\\"\\" style=\\"width:300px;\\"
            >
          <![endif]-->
            
      <div
         class=\\"mj-column-per-50 outlook-group-fix\\" style=\\"font-size:0;line-height:0;text-align:left;display:inline-block;width:100%;direction:ltr;\\"
      >
        <!--[if mso | IE]>
        <table  role=\\"presentation\\" border=\\"0\\" cellpadding=\\"0\\" cellspacing=\\"0\\">
          <tr>
        
              <td
                 style=\\"vertical-align:top;width:90px;\\"
              >
              <![endif]-->
                
      <div
         class=\\"mj-column-per-30 outlook-group-fix\\" style=\\"font-size:13px;text-align:left;direction:ltr;display:inline-block;vertical-align:top;width:30%;\\"
      >
        
      <table
         border=\\"0\\" cellpadding=\\"0\\" cellspacing=\\"0\\" role=\\"presentation\\" style=\\"vertical-align:top;\\" width=\\"100%\\"
      >
        
            <tr>
              <td
                 align=\\"center\\" style=\\"font-size:0px;padding:10px 25px;padding-top:8px;padding-right:8px;padding-bottom:8px;padding-left:8px;word-break:break-word;\\"
              >
                
      <table
         align=\\"center\\" border=\\"0\\" cellpadding=\\"0\\" cellspacing=\\"0\\" role=\\"presentation\\" style=\\"border-collapse:collapse;border-spacing:0px;\\"
      >
        <tbody>
          <tr>
            <td  style=\\"width:48px;\\">
              
      <img
         height=\\"48\\" src=\\"{{employee.avatarImage.imageUrl}}\\" style=\\"border:mediumpx none rgb(128, 128, 128);border-radius:50% 50% 50% 50%;display:block;outline:none;text-decoration:none;height:48px;width:100%;\\" width=\\"48\\"
      />
    
            </td>
          </tr>
        </tbody>
      </table>
    
              </td>
            </tr>
          
      </table>
    
      </div>
    
              <!--[if mso | IE]>
              </td>
              
              <td
                 style=\\"vertical-align:top;width:210px;\\"
              >
              <![endif]-->
                
      <div
         class=\\"mj-column-per-70 outlook-group-fix\\" style=\\"font-size:13px;text-align:left;direction:ltr;display:inline-block;vertical-align:top;width:70%;\\"
      >
        
      <table
         border=\\"0\\" cellpadding=\\"0\\" cellspacing=\\"0\\" role=\\"presentation\\" style=\\"vertical-align:top;\\" width=\\"100%\\"
      >
        
            <tr>
              <td
                 align=\\"left\\" style=\\"font-size:0px;padding:10px 25px;padding-top:4px;padding-right:4px;padding-bottom:4px;padding-left:4px;word-break:break-word;\\"
              >
                
      <div
         style=\\"font-family:Roboto;font-size:15px;font-weight:500;line-height:24px;text-align:left;color:#ffffff;\\"
      >
        {{employee.fullName}}<br/> <span style=\\"color:#ffffff;font-size:12px;font-weight:400;\\">{{employee.businessTitle}}<br/>{{primaryPropertyTeam.phone.displayFormat}}<br/>{{primaryPropertyTeam.email}} </span>
      </div>
    
              </td>
            </tr>
          
      </table>
    
      </div>
    
              <!--[if mso | IE]>
              </td>
              
          </tr>
          </table>
        <![endif]-->
      </div>
    
          <!--[if mso | IE]>
            </td>
          
        </tr>
      
                  </table>
                <![endif]-->
              </td>
            </tr>
          </tbody>
        </table>
        
      </div>
    
      
      <!--[if mso | IE]>
          </td>
        </tr>
      </table>
      
              </td>
            </tr>
          
            <tr>
              <td
                 class=\\"\\" width=\\"600px\\"
              >
          
      <table
         align=\\"center\\" border=\\"0\\" cellpadding=\\"0\\" cellspacing=\\"0\\" class=\\"\\" style=\\"width:600px;\\" width=\\"600\\"
      >
        <tr>
          <td style=\\"line-height:0px;font-size:0px;mso-line-height-rule:exactly;\\">
      <![endif]-->
    
      
      <div  style=\\"background:#ffffff;background-color:#ffffff;Margin:0px auto;max-width:600px;\\">
        
        <table
           align=\\"center\\" border=\\"0\\" cellpadding=\\"0\\" cellspacing=\\"0\\" role=\\"presentation\\" style=\\"background:#ffffff;background-color:#ffffff;width:100%;\\"
        >
          <tbody>
            <tr>
              <td
                 style=\\"direction:ltr;font-size:0px;padding:20px 0;padding-bottom:0px;padding-top:0px;text-align:center;vertical-align:top;\\"
              >
                <!--[if mso | IE]>
                  <table role=\\"presentation\\" border=\\"0\\" cellpadding=\\"0\\" cellspacing=\\"0\\">
                
        <tr>
      
            <td
               class=\\"\\" style=\\"vertical-align:top;width:600px;\\"
            >
          <![endif]-->
            
      <div
         class=\\"mj-column-per-100 outlook-group-fix\\" style=\\"font-size:13px;text-align:left;direction:ltr;display:inline-block;vertical-align:top;width:100%;\\"
      >
        
      <table
         border=\\"0\\" cellpadding=\\"0\\" cellspacing=\\"0\\" role=\\"presentation\\" style=\\"vertical-align:top;\\" width=\\"100%\\"
      >
        
            <tr>
              <td
                 align=\\"center\\" style=\\"font-size:0px;padding:0px;word-break:break-word;\\"
              >
                
      <table
         align=\\"center\\" border=\\"0\\" cellpadding=\\"0\\" cellspacing=\\"0\\" role=\\"presentation\\" style=\\"border-collapse:collapse;border-spacing:0px;\\"
      >
        <tbody>
          <tr>
            <td  style=\\"width:600px;\\">
              
      <img
         alt=\\"{{property.displayName}}\\" height=\\"auto\\" src=\\"{{property.heroImageUrl}}\\" style=\\"border:0;display:block;outline:none;text-decoration:none;height:auto;width:100%;\\" width=\\"600\\"
      />
    
            </td>
          </tr>
        </tbody>
      </table>
    
              </td>
            </tr>
          
      </table>
    
      </div>
    
          <!--[if mso | IE]>
            </td>
          
        </tr>
      
                  </table>
                <![endif]-->
              </td>
            </tr>
          </tbody>
        </table>
        
      </div>
    
      
      <!--[if mso | IE]>
          </td>
        </tr>
      </table>
      
              </td>
            </tr>
          
            <tr>
              <td
                 class=\\"\\" width=\\"600px\\"
              >
          
      <table
         align=\\"center\\" border=\\"0\\" cellpadding=\\"0\\" cellspacing=\\"0\\" class=\\"\\" style=\\"width:600px;\\" width=\\"600\\"
      >
        <tr>
          <td style=\\"line-height:0px;font-size:0px;mso-line-height-rule:exactly;\\">
      <![endif]-->
    
      
      <div  style=\\"background:#ffffff;background-color:#ffffff;Margin:0px auto;max-width:600px;\\">
        
        <table
           align=\\"center\\" border=\\"0\\" cellpadding=\\"0\\" cellspacing=\\"0\\" role=\\"presentation\\" style=\\"background:#ffffff;background-color:#ffffff;width:100%;\\"
        >
          <tbody>
            <tr>
              <td
                 style=\\"direction:ltr;font-size:0px;padding:20px 0;padding-bottom:0px;padding-top:0px;text-align:center;vertical-align:top;\\"
              >
                <!--[if mso | IE]>
                  <table role=\\"presentation\\" border=\\"0\\" cellpadding=\\"0\\" cellspacing=\\"0\\">
                
        <tr>
      
            <td
               class=\\"\\" style=\\"vertical-align:top;width:600px;\\"
            >
          <![endif]-->
            
      <div
         class=\\"mj-column-per-100 outlook-group-fix\\" style=\\"font-size:13px;text-align:left;direction:ltr;display:inline-block;vertical-align:top;width:100%;\\"
      >
        
      <table
         border=\\"0\\" cellpadding=\\"0\\" cellspacing=\\"0\\" role=\\"presentation\\" style=\\"vertical-align:top;\\" width=\\"100%\\"
      >
        
            <tr>
              <td
                 align=\\"left\\" style=\\"font-size:0px;padding:10px 25px;padding-top:32px;padding-bottom:32px;word-break:break-word;\\"
              >
                
      <div
         style=\\"font-family:Roboto;font-size:13px;line-height:20px;text-align:left;color:#212121;\\"
      >
        Hi, <br/><br/> Click the button below to start or continue your application for{{property.displayName}}. Let me know if you have any questions. <br/><br/> Cheers,<br/>{{employee.fullName}}
      </div>
    
              </td>
            </tr>
          
      </table>
    
      </div>
    
          <!--[if mso | IE]>
            </td>
          
        </tr>
      
                  </table>
                <![endif]-->
              </td>
            </tr>
          </tbody>
        </table>
        
      </div>
    
      
      <!--[if mso | IE]>
          </td>
        </tr>
      </table>
      
              </td>
            </tr>
          
            <tr>
              <td
                 class=\\"\\" width=\\"600px\\"
              >
          
      <table
         align=\\"center\\" border=\\"0\\" cellpadding=\\"0\\" cellspacing=\\"0\\" class=\\"\\" style=\\"width:600px;\\" width=\\"600\\"
      >
        <tr>
          <td style=\\"line-height:0px;font-size:0px;mso-line-height-rule:exactly;\\">
      <![endif]-->
    
      
      <div  style=\\"background:#ffffff;background-color:#ffffff;Margin:0px auto;max-width:600px;\\">
        
        <table
           align=\\"center\\" border=\\"0\\" cellpadding=\\"0\\" cellspacing=\\"0\\" role=\\"presentation\\" style=\\"background:#ffffff;background-color:#ffffff;width:100%;\\"
        >
          <tbody>
            <tr>
              <td
                 style=\\"direction:ltr;font-size:0px;padding:20px 0;padding-bottom:48px;padding-top:0px;text-align:center;vertical-align:top;\\"
              >
                <!--[if mso | IE]>
                  <table role=\\"presentation\\" border=\\"0\\" cellpadding=\\"0\\" cellspacing=\\"0\\">
                
        <tr>
      
            <td
               class=\\"\\" style=\\"vertical-align:top;width:600px;\\"
            >
          <![endif]-->
            
      <div
         class=\\"mj-column-per-100 outlook-group-fix\\" style=\\"font-size:13px;text-align:left;direction:ltr;display:inline-block;vertical-align:top;width:100%;\\"
      >
        
      <table
         border=\\"0\\" cellpadding=\\"0\\" cellspacing=\\"0\\" role=\\"presentation\\" style=\\"vertical-align:top;\\" width=\\"100%\\"
      >
        
            <tr>
              <td
                 align=\\"center\\" vertical-align=\\"middle\\" style=\\"font-size:0px;padding:10px 25px;padding-top:0px;padding-right:16px;padding-bottom:0px;padding-left:16px;word-break:break-word;\\"
              >
                
      <table
         align=\\"center\\" border=\\"0\\" cellpadding=\\"0\\" cellspacing=\\"0\\" role=\\"presentation\\" style=\\"border-collapse:separate;line-height:100%;\\"
      >
        <tr>
          <td
             align=\\"center\\" bgcolor=\\"#0098ef\\" role=\\"presentation\\" style=\\"border:none;border-radius:2px 2px 2px 2px;cursor:auto;padding:10px 25px;\\" valign=\\"middle\\"
          >
            <a
               href=\\"{{recipient.applicationUrl}}\\" style=\\"background:#0098ef;color:#ffffff;font-family:Roboto;font-size:14px;font-weight:500;line-height:120%;Margin:0;text-decoration:none;text-transform:uppercase;\\" target=\\"_blank\\"
            >
              Open Application
            </a>
          </td>
        </tr>
      </table>
    
              </td>
            </tr>
          
      </table>
    
      </div>
    
          <!--[if mso | IE]>
            </td>
          
        </tr>
      
                  </table>
                <![endif]-->
              </td>
            </tr>
          </tbody>
        </table>
        
      </div>
    
      
      <!--[if mso | IE]>
          </td>
        </tr>
      </table>
      
              </td>
            </tr>
          
            <tr>
              <td
                 class=\\"\\" width=\\"600px\\"
              >
          
      <table
         align=\\"center\\" border=\\"0\\" cellpadding=\\"0\\" cellspacing=\\"0\\" class=\\"\\" style=\\"width:600px;\\" width=\\"600\\"
      >
        <tr>
          <td style=\\"line-height:0px;font-size:0px;mso-line-height-rule:exactly;\\">
      <![endif]-->
    
      
      <div  style=\\"background:#f5f5f5;background-color:#f5f5f5;Margin:0px auto;max-width:600px;\\">
        
        <table
           align=\\"center\\" border=\\"0\\" cellpadding=\\"0\\" cellspacing=\\"0\\" role=\\"presentation\\" style=\\"background:#f5f5f5;background-color:#f5f5f5;width:100%;\\"
        >
          <tbody>
            <tr>
              <td
                 style=\\"border-top:1px solid #dddddd;direction:ltr;font-size:0px;padding:20px 0;padding-bottom:16px;padding-top:16px;text-align:center;vertical-align:top;\\"
              >
                <!--[if mso | IE]>
                  <table role=\\"presentation\\" border=\\"0\\" cellpadding=\\"0\\" cellspacing=\\"0\\">
                
        <tr>
      
            <td
               class=\\"\\" style=\\"vertical-align:top;width:600px;\\"
            >
          <![endif]-->
            
      <div
         class=\\"mj-column-per-100 outlook-group-fix\\" style=\\"font-size:13px;text-align:left;direction:ltr;display:inline-block;vertical-align:top;width:100%;\\"
      >
        
      <table
         border=\\"0\\" cellpadding=\\"0\\" cellspacing=\\"0\\" role=\\"presentation\\" style=\\"vertical-align:top;\\" width=\\"100%\\"
      >
        
            <tr>
              <td
                 align=\\"left\\" style=\\"font-size:0px;padding:10px 25px;word-break:break-word;\\"
              >
                
      <div
         style=\\"font-family:Roboto;font-size:12px;line-height:18px;text-align:left;color:#000000;\\"
      >
        <a style=\\"text-decoration:none;color:#757575;\\" target=\\"_blank\\" href=\\"{{property.termsUrl}}\\">Terms and conditions</a>&ensp;|&ensp; <a style=\\"text-decoration:none;color:#757575;\\" target=\\"_blank\\" href=\\"{{property.privacyUrl}}\\">Privacy policy</a>&ensp;|&ensp; <a style=\\"text-decoration:none;color:#757575;\\" target=\\"_blank\\" href=\\"{{property.contactUrl}}\\">Contact us</a>
      </div>
    
              </td>
            </tr>
          
            <tr>
              <td
                 align=\\"left\\" style=\\"font-size:0px;padding:10px 25px;word-break:break-word;\\"
              >
                
      <div
         style=\\"font-family:Roboto;font-size:12px;line-height:18px;text-align:left;color:#757575;\\"
      >
        You've received this email because you are having a conversation with the representatives of our property. If you received this email in error, then contact us at the information provided above.
      </div>
    
              </td>
            </tr>
          
      </table>
    
      </div>
    
          <!--[if mso | IE]>
            </td>
          
        </tr>
      
                  </table>
                <![endif]-->
              </td>
            </tr>
          </tbody>
        </table>
        
      </div>
    
      
      <!--[if mso | IE]>
          </td>
        </tr>
      </table>
      
              </td>
            </tr>
          
                  </table>
                <![endif]-->
              </td>
            </tr>
          </tbody>
        </table>
        
      </div>
    
      
      <!--[if mso | IE]>
          </td>
        </tr>
      </table>
      
      <table
         align=\\"center\\" border=\\"0\\" cellpadding=\\"0\\" cellspacing=\\"0\\" class=\\"\\" style=\\"width:600px;\\" width=\\"600\\"
      >
        <tr>
          <td style=\\"line-height:0px;font-size:0px;mso-line-height-rule:exactly;\\">
      <![endif]-->
    
      
      <div  style=\\"Margin:0px auto;max-width:600px;\\">
        
        <table
           align=\\"center\\" border=\\"0\\" cellpadding=\\"0\\" cellspacing=\\"0\\" role=\\"presentation\\" style=\\"width:100%;\\"
        >
          <tbody>
            <tr>
              <td
                 style=\\"direction:ltr;font-size:0px;padding:0;text-align:center;vertical-align:top;\\"
              >
                <!--[if mso | IE]>
                  <table role=\\"presentation\\" border=\\"0\\" cellpadding=\\"0\\" cellspacing=\\"0\\">
                
        <tr>
      
            <td
               class=\\"\\" style=\\"vertical-align:top;width:600px;\\"
            >
          <![endif]-->
            
      <div
         class=\\"mj-column-per-100 outlook-group-fix\\" style=\\"font-size:13px;text-align:left;direction:ltr;display:inline-block;vertical-align:top;width:100%;\\"
      >
        
      <table
         border=\\"0\\" cellpadding=\\"0\\" cellspacing=\\"0\\" role=\\"presentation\\" style=\\"vertical-align:top;\\" width=\\"100%\\"
      >
        
            <tr>
              <td
                 align=\\"left\\" style=\\"font-size:0px;padding:10px 25px;word-break:break-word;\\"
              >
                
      <div
         style=\\"font-family:Roboto;font-size:12px;line-height:18px;text-align:left;color:#757575;\\"
      >
        &copy;{{currentYear}}{{property.displayName}},{{property.address}}
      </div>
    
              </td>
            </tr>
          
      </table>
    
      </div>
    
          <!--[if mso | IE]>
            </td>
          
        </tr>
      
                  </table>
                <![endif]-->
              </td>
            </tr>
          </tbody>
        </table>
        
      </div>
    
      
      <!--[if mso | IE]>
          </td>
        </tr>
      </table>
      <![endif]-->
    
    
      </div>
    
      </body>
    </html>
  "
`;
