// Jest Snapshot v1, https://goo.gl/fbAQLP

exports[`Sms template rendered without the tokens 1`] = `"Hi {{recipient.legalName}}, tap {{recipient.applicationUrl.short}} to access your rental application for {{property.displayName}}."`;
