// Jest Snapshot v1, https://goo.gl/fbAQLP

exports[`Sms template rendered successfully 1`] = `"Hi John Smith, tap https://reva.tech/ to access your rental application for COVE."`;
